// Jest Snapshot v1, https://goo.gl/fbAQLP

exports[`<App /> renders correctly 1`] = `
<View
  style={
    {
      "alignItems": "center",
      "backgroundColor": "#fff",
      "flex": 1,
      "justifyContent": "center",
    }
  }
>
  <View>
    <Text
      style={
        {
          "color": "#0693e3",
          "fontSize": 32,
          "fontWeight": "bold",
          "textAlign": "center",
        }
      }
    >
      Genzeon
    </Text>
    <TextInput
      onChangeText={[Function]}
      placeholder="Enter your name"
      style={
        {
          "borderWidth": 1,
          "height": 40,
          "marginBottom": 25,
          "marginTop": 50,
          "padding": 10,
          "width": 250,
        }
      }
    />
    <Text
      style={
        {
          "color": "#000000",
          "fontSize": 14,
          "marginBottom": 5,
        }
      }
    >
      Choose your department:
    </Text>
    <View
      style={
        {
          "height": 40,
          "marginBottom": 50,
          "width": 250,
        }
      }
    >
      <RNCPicker
        items={
          [
            {
              "label": "Digital Health",
              "testID": undefined,
              "textColor": undefined,
              "value": "digital",
            },
            {
              "label": "Data & AI",
              "testID": undefined,
              "textColor": undefined,
              "value": "data_ai",
            },
            {
              "label": "Human resources",
              "testID": undefined,
              "textColor": undefined,
              "value": "hr",
            },
            {
              "label": "Finance",
              "testID": undefined,
              "textColor": undefined,
              "value": "finance",
            },
          ]
        }
        numberOfLines={1}
        onChange={[Function]}
        selectedIndex={0}
        style={
          [
            {
              "height": 216,
            },
            undefined,
          ]
        }
      />
    </View>
    <View
      accessibilityRole="button"
      accessibilityState={
        {
          "busy": undefined,
          "checked": undefined,
          "disabled": undefined,
          "expanded": undefined,
          "selected": undefined,
        }
      }
      accessibilityValue={
        {
          "max": undefined,
          "min": undefined,
          "now": undefined,
          "text": undefined,
        }
      }
      accessible={true}
      collapsable={false}
      focusable={true}
      onClick={[Function]}
      onResponderGrant={[Function]}
      onResponderMove={[Function]}
      onResponderRelease={[Function]}
      onResponderTerminate={[Function]}
      onResponderTerminationRequest={[Function]}
      onStartShouldSetResponder={[Function]}
      style={
        {
          "opacity": 1,
        }
      }
    >
      <View
        style={
          [
            {},
          ]
        }
      >
        <Text
          style={
            [
              {
                "color": "#007AFF",
                "fontSize": 18,
                "margin": 8,
                "textAlign": "center",
              },
              {
                "color": "#0693e3",
              },
            ]
          }
        >
          Register
        </Text>
      </View>
    </View>
  </View>
</View>
`;
